id,Details,Left2,CC,Acc,Debits,Credits,Narrative,Start Balance,End Balance
{ledgernumber}00/0100/Credit/1/1/4,Credit 31/01/{ThisYear},,{ledgernumber}00,"0100",,-100.00,Gift Example,,
{ledgernumber}00/0100/Detail,Sub Total:,,,,0.00,-100.00,,0.00,100.00
{ledgernumber}00/0100/Net Balance,Net Balance:,,,,,-100.00,,,
"0100",Account Total:,,,,0.00,-100.00,,0.00,100.00
0100/Net Balance,Net Balance:,,,,,-100.00,,,
{ledgernumber}00/4200/Debit/1/1/6,Debit 31/01/{ThisYear},,{ledgernumber}00,4200,20.00,,Expense Example,,
{ledgernumber}00/4200/Detail,Sub Total:,,,,20.00,0.00,,0.00,-20.00
{ledgernumber}00/4200/Net Balance,Net Balance:,,,,20.00,,,,
4200,Account Total:,,,,20.00,0.00,,0.00,-20.00
4200/Net Balance,Net Balance:,,,,20.00,,,,
{ledgernumber}00/6000/Debit/1/1/3,Debit 31/01/{ThisYear},,{ledgernumber}00,6000,100.00,,Gift Example,,
{ledgernumber}00/6000/Credit/1/1/5,Credit 31/01/{ThisYear},,{ledgernumber}00,6000,,-20.00,Expense Example,,
{ledgernumber}00/6000/Detail,Sub Total:,,,,100.00,-20.00,,0.00,-80.00
{ledgernumber}00/6000/Net Balance,Net Balance:,,,,80.00,,,,
6000,Account Total:,,,,100.00,-20.00,,0.00,-80.00
6000/Net Balance,Net Balance:,,,,80.00,,,,
{ledgernumber}00/6200/Debit/1/1/1,Debit 31/01/{ThisYear},,{ledgernumber}00,6200,40.00,,Start Balance,,
{ledgernumber}00/6200/Detail,Sub Total:,,,,40.00,0.00,,0.00,-40.00
{ledgernumber}00/6200/Net Balance,Net Balance:,,,,40.00,,,,
6200,Account Total:,,,,40.00,0.00,,0.00,-40.00
6200/Net Balance,Net Balance:,,,,40.00,,,,
{ledgernumber}00/9700/Credit/1/1/2,Credit 31/01/{ThisYear},,{ledgernumber}00,9700,,-40.00,Start Balance,,
{ledgernumber}00/9700/Detail,Sub Total:,,,,0.00,-40.00,,0.00,40.00
{ledgernumber}00/9700/Net Balance,Net Balance:,,,,,-40.00,,,
9700,Account Total:,,,,0.00,-40.00,,0.00,40.00
9700/Net Balance,Net Balance:,,,,,-40.00,,,
GrandTotal,Grand Total:,,,,160.00,-160.00,,0.00,0.00
GrandTotalNetBalance,Net Balance:,,,,,0.00,,,
