id,Left1,Left2,Partner Key,Class,Partner Name,Street Name,Post Code,City,Country,Telephone,Field
43000000,,,"0043000000",U,Germany,No valid address on file,,,99,0,
95000000,,,"0095000000",U,Global Impact Fund,No valid address on file,,,99,0,
4000000,,,"0004000000",U,International Clearing House,No valid address on file,,,99,0,
73000000,,,"0073000000",U,Kenya,No valid address on file,,,99,0,
35000000,,,"0035000000",U,Switzerland,No valid address on file,,,99,0,
